Archive member included because of file (symbol)

C:/Freescale/CW MCU v11.1/MCU/ARM_GCC_Support/ewl/lib/armv6-m\libc.a(exit.o)
                              ./Project_Settings/Startup_Code/__arm_start.o (exit)
C:/Freescale/CW MCU v11.1/MCU/ARM_GCC_Support/ewl/lib/armv6-m\libc.a(rand.o)
                              ./Generated_Code/UTIL.o (rand)
C:/Freescale/CW MCU v11.1/MCU/ARM_GCC_Support/ewl/lib/armv6-m\libc.a(strchr.o)
                              ./Generated_Code/UTIL.o (strchr)
C:/Freescale/CW MCU v11.1/MCU/ARM_GCC_Support/ewl/lib/armv6-m\libc.a(memset.o)
                              ./Project_Settings/Startup_Code/__arm_start.o (memset)
C:/Freescale/CW MCU v11.1/MCU/ARM_GCC_Support/ewl/lib/armv6-m\libc.a(strncmp.o)
                              ./Generated_Code/UTIL.o (strncmp)
C:/Freescale/CW MCU v11.1/MCU/ARM_GCC_Support/ewl/lib/armv6-m\libc.a(__filll_mem.o)
                              C:/Freescale/CW MCU v11.1/MCU/ARM_GCC_Support/ewl/lib/armv6-m\libc.a(memset.o) (__fill_mem)
C:/Freescale/CW MCU v11.1/MCU/ARM_GCC_Support/ewl/lib/armv6-m\libc.a(strcmp.o)
                              ./Sources/main.o (strcmp)
C:/Freescale/CW MCU v11.1/MCU/ARM_GCC_Support/ewl/lib/armv6-m\libc.a(strlen.o)
                              ./Generated_Code/UTIL.o (strlen)
C:/Freescale/CW MCU v11.1/MCU/ARM_GCC_Support/ewl/lib/armv6-m\libc.a(printformat_.o)
                              (__pformatter_)
C:/Freescale/CW MCU v11.1/MCU/ARM_GCC_Support/ewl/lib/armv6-m\libc.a(scanformat_.o)
                              (__sformatter)
C:/Freescale/CW MCU v11.1/MCU/ARM_GCC_Support/ewl/lib/armv6-m\libc.a(ctype_aeabi.o)
                              C:/Freescale/CW MCU v11.1/MCU/ARM_GCC_Support/ewl/lib/armv6-m\libc.a(scanformat_.o) (isspace)
C:/Freescale/CW MCU v11.1/MCU/ARM_GCC_Support/ewl/lib/armv6-m\libc.a(__strtoul.o)
                              C:/Freescale/CW MCU v11.1/MCU/ARM_GCC_Support/ewl/lib/armv6-m\libc.a(scanformat_.o) (__strtoul)
C:/Freescale/CW MCU v11.1/MCU/ARM_GCC_Support/ewl/lib/armv6-m\libc.a(memcpy.o)
                              C:/Freescale/CW MCU v11.1/MCU/ARM_GCC_Support/ewl/lib/armv6-m\libc.a(scanformat_.o) (memcpy)
C:/Freescale/CW MCU v11.1/MCU/ARM_GCC_Support/ewl/lib/armv6-m\libc.a(memchr.o)
                              C:/Freescale/CW MCU v11.1/MCU/ARM_GCC_Support/ewl/lib/armv6-m\libc.a(printformat_.o) (memchr)
c:/freescale/cw mcu v11.1/cross_tools/arm-none-eabi-gcc-4_7_3/bin/../lib/gcc/arm-none-eabi/4.7.3/armv6-m\libgcc.a(_thumb1_case_sqi.o)
                              C:/Freescale/CW MCU v11.1/MCU/ARM_GCC_Support/ewl/lib/armv6-m\libc.a(__strtoul.o) (__gnu_thumb1_case_sqi)
c:/freescale/cw mcu v11.1/cross_tools/arm-none-eabi-gcc-4_7_3/bin/../lib/gcc/arm-none-eabi/4.7.3/armv6-m\libgcc.a(_thumb1_case_uqi.o)
                              C:/Freescale/CW MCU v11.1/MCU/ARM_GCC_Support/ewl/lib/armv6-m\libc.a(scanformat_.o) (__gnu_thumb1_case_uqi)
c:/freescale/cw mcu v11.1/cross_tools/arm-none-eabi-gcc-4_7_3/bin/../lib/gcc/arm-none-eabi/4.7.3/armv6-m\libgcc.a(_udivsi3.o)
                              ./Generated_Code/UTIL.o (__aeabi_uidiv)
c:/freescale/cw mcu v11.1/cross_tools/arm-none-eabi-gcc-4_7_3/bin/../lib/gcc/arm-none-eabi/4.7.3/armv6-m\libgcc.a(_divsi3.o)
                              ./Generated_Code/UTIL.o (__aeabi_idiv)
c:/freescale/cw mcu v11.1/cross_tools/arm-none-eabi-gcc-4_7_3/bin/../lib/gcc/arm-none-eabi/4.7.3/armv6-m\libgcc.a(_dvmd_tls.o)
                              c:/freescale/cw mcu v11.1/cross_tools/arm-none-eabi-gcc-4_7_3/bin/../lib/gcc/arm-none-eabi/4.7.3/armv6-m\libgcc.a(_udivsi3.o) (__aeabi_idiv0)
c:/freescale/cw mcu v11.1/cross_tools/arm-none-eabi-gcc-4_7_3/bin/../lib/gcc/arm-none-eabi/4.7.3/armv6-m\libgcc.a(_arm_cmpsf2.o)
                              ./Generated_Code/UTIL.o (__aeabi_fcmplt)
c:/freescale/cw mcu v11.1/cross_tools/arm-none-eabi-gcc-4_7_3/bin/../lib/gcc/arm-none-eabi/4.7.3/armv6-m\libgcc.a(_aeabi_ldivmod.o)
                              ./Generated_Code/UTIL.o (__aeabi_ldivmod)
c:/freescale/cw mcu v11.1/cross_tools/arm-none-eabi-gcc-4_7_3/bin/../lib/gcc/arm-none-eabi/4.7.3/armv6-m\libgcc.a(_muldi3.o)
                              ./Generated_Code/UTIL.o (__aeabi_lmul)
c:/freescale/cw mcu v11.1/cross_tools/arm-none-eabi-gcc-4_7_3/bin/../lib/gcc/arm-none-eabi/4.7.3/armv6-m\libgcc.a(_fixunssfsi.o)
                              ./Generated_Code/UTIL.o (__aeabi_f2uiz)
c:/freescale/cw mcu v11.1/cross_tools/arm-none-eabi-gcc-4_7_3/bin/../lib/gcc/arm-none-eabi/4.7.3/armv6-m\libgcc.a(bpabi.o)
                              c:/freescale/cw mcu v11.1/cross_tools/arm-none-eabi-gcc-4_7_3/bin/../lib/gcc/arm-none-eabi/4.7.3/armv6-m\libgcc.a(_aeabi_ldivmod.o) (__gnu_ldivmod_helper)
c:/freescale/cw mcu v11.1/cross_tools/arm-none-eabi-gcc-4_7_3/bin/../lib/gcc/arm-none-eabi/4.7.3/armv6-m\libgcc.a(eqsf2.o)
                              c:/freescale/cw mcu v11.1/cross_tools/arm-none-eabi-gcc-4_7_3/bin/../lib/gcc/arm-none-eabi/4.7.3/armv6-m\libgcc.a(_arm_cmpsf2.o) (__eqsf2)
[...]
Memory Configuration

Name             Origin             Length             Attributes
m_interrupts     0x00000000         0x000000c0         xr
m_text           0x00000410         0x0001fbf0         xr
m_data           0x1ffff000         0x00004000         rw
m_cfmprotrom     0x00000400         0x00000010         xr
*default*        0x00000000         0xffffffff

Linker script and memory map

LOAD ./Generated_Code/Vectors.o
LOAD ./Generated_Code/UTIL.o
LOAD ./Generated_Code/RED.o
LOAD ./Generated_Code/PE_LDD.o
LOAD ./Generated_Code/PC.o
LOAD ./Generated_Code/MCUC1.o
LOAD ./Generated_Code/LEDpin3.o
LOAD ./Generated_Code/LEDpin2.o
LOAD ./Generated_Code/LEDpin1.o
LOAD ./Generated_Code/GREEN.o
LOAD ./Generated_Code/ESP.o
LOAD ./Generated_Code/Cpu.o
LOAD ./Generated_Code/BitIoLdd3.o
LOAD ./Generated_Code/BitIoLdd2.o
LOAD ./Generated_Code/BitIoLdd1.o
LOAD ./Generated_Code/BLUE.o
LOAD ./Generated_Code/ASerialLdd2.o
LOAD ./Generated_Code/ASerialLdd1.o
LOAD ./Project_Settings/Startup_Code/__arm_start.o
LOAD ./Project_Settings/Startup_Code/__arm_end.o
LOAD ./Sources/sa_mtb.o
LOAD ./Sources/main.o
LOAD ./Sources/Events.o
                0x00002228                __pformatter = __pformatter_
                [0x00002650]                __sformatter = __sformatter
START GROUP
LOAD C:/Freescale/CW MCU v11.1/MCU/ARM_GCC_Support/ewl/lib/armv6-m\libc.a
LOAD C:/Freescale/CW MCU v11.1/MCU/ARM_GCC_Support/ewl/lib/armv6-m\libm.a
LOAD c:/freescale/cw mcu v11.1/cross_tools/arm-none-eabi-gcc-4_7_3/bin/../lib/gcc/arm-none-eabi/4.7.3/armv6-m\libgcc.a
LOAD C:/Freescale/CW MCU v11.1/MCU/ARM_GCC_Support/ewl/lib/armv6-m\librt.a
LOAD C:/Freescale/CW MCU v11.1/MCU/ARM_GCC_Support/ewl/lib/armv6-m\libuart.a
END GROUP
                0x20003000                _estack = 0x20003000
                0x20003000                __SP_INIT = _estack
                0x00000000                __heap_size = 0x0
                0x00000400                __stack_size = 0x400

.interrupts     0x00000000       0xc0
                0x00000000                __vector_table = .
                0x00000000                . = ALIGN (0x4)
 *(.vectortable)
 .vectortable   0x00000000       0xc0 ./Generated_Code/Vectors.o
                0x00000000                __vect_table
                0x000000c0                . = ALIGN (0x4)

.cfmprotect     0x00000400       0x10
                0x00000400                . = ALIGN (0x4)
 *(.cfmconfig)
 .cfmconfig     0x00000400       0x10 ./Generated_Code/Cpu.o
                0x00000400                _cfm
                0x00000410                . = ALIGN (0x4)

.text           0x00000410     0x2f2c
                0x00000410                . = ALIGN (0x4)
 *(.text)
 .text          0x00000410       0x14 c:/freescale/cw mcu v11.1/cross_tools/arm-none-eabi-gcc-4_7_3/bin/../lib/gcc/arm-none-eabi/4.7.3/armv6-m\libgcc.a(_thumb1_case_sqi.o)
                0x00000410                __gnu_thumb1_case_sqi
 .text          0x00000424       0x14 c:/freescale/cw mcu v11.1/cross_tools/arm-none-eabi-gcc-4_7_3/bin/../lib/gcc/arm-none-eabi/4.7.3/armv6-m\libgcc.a(_thumb1_case_uqi.o)
                0x00000424                __gnu_thumb1_case_uqi
 .text          0x00000438       0x9c c:/freescale/cw mcu v11.1/cross_tools/arm-none-eabi-gcc-4_7_3/bin/../lib/gcc/arm-none-eabi/4.7.3/armv6-m\libgcc.a(_udivsi3.o)
                0x00000438                __aeabi_uidiv
                0x00000438                __udivsi3
                0x000004c0                __aeabi_uidivmod
 .text          0x000004d4        0x4 c:/freescale/cw mcu v11.1/cross_tools/arm-none-eabi-gcc-4_7_3/bin/../lib/gcc/arm-none-eabi/4.7.3/armv6-m\libgcc.a(_dvmd_tls.o)
                0x000004d4                __aeabi_idiv0
                0x000004d4                __aeabi_ldiv0
 *(.text*)
 .text.UTIL_strFind
                0x000004d8       0x74 ./Generated_Code/UTIL.o
                0x000004d8                UTIL_strFind
 .text.UTIL_Init
                0x0000054c        0x8 ./Generated_Code/UTIL.o
                0x0000054c                UTIL_Init
 .text.RED_Init
                0x00000554       0x18 ./Generated_Code/RED.o
                0x00000554                RED_Init
 .text.HWEnDi   0x0000056c       0x20 ./Generated_Code/PC.o
 .text.PC_SendChar
                0x0000058c       0xa8 ./Generated_Code/PC.o
                0x0000058c                PC_SendChar
 .text.PC_Init  0x00000634       0x28 ./Generated_Code/PC.o
                0x00000634                PC_Init
 .text.ASerialLdd1_OnBlockReceived
                0x0000065c       0x6c ./Generated_Code/PC.o
                0x0000065c                ASerialLdd1_OnBlockReceived
 .text.ASerialLdd1_OnBlockSent
                0x000006c8       0x54 ./Generated_Code/PC.o
                0x000006c8                ASerialLdd1_OnBlockSent
 .text.ASerialLdd1_OnError
                0x0000071c       0x94 ./Generated_Code/PC.o
                0x0000071c                ASerialLdd1_OnError
 .text.ASerialLdd1_OnBreak
                0x000007b0       0x20 ./Generated_Code/PC.o
                0x000007b0                ASerialLdd1_OnBreak
 .text.MCUC1_Init
                0x000007d0        0x8 ./Generated_Code/MCUC1.o
                0x000007d0                MCUC1_Init
 .text.GREEN_Init
                0x000007d8       0x18 ./Generated_Code/GREEN.o
                0x000007d8                GREEN_Init
 .text.HWEnDi   0x000007f0       0x20 ./Generated_Code/ESP.o
 .text.ESP_RecvChar
                0x00000810       0xbc ./Generated_Code/ESP.o
                0x00000810                ESP_RecvChar
 .text.ESP_SendChar
                0x000008cc       0xa8 ./Generated_Code/ESP.o
                0x000008cc                ESP_SendChar
 .text.ESP_Init
                0x00000974       0x28 ./Generated_Code/ESP.o
                0x00000974                ESP_Init
 .text.ASerialLdd2_OnBlockReceived
                0x0000099c       0x6c ./Generated_Code/ESP.o
                0x0000099c                ASerialLdd2_OnBlockReceived
 .text.ASerialLdd2_OnBlockSent
                0x00000a08       0x54 ./Generated_Code/ESP.o
                0x00000a08                ASerialLdd2_OnBlockSent
 .text.ASerialLdd2_OnError
                0x00000a5c       0x94 ./Generated_Code/ESP.o
                0x00000a5c                ASerialLdd2_OnError
 .text.ASerialLdd2_OnBreak
                0x00000af0       0x20 ./Generated_Code/ESP.o
                0x00000af0                ASerialLdd2_OnBreak
 .text.Cpu_INT_NMIInterrupt
                0x00000b10        0xc ./Generated_Code/Cpu.o
                0x00000b10                Cpu_INT_NMIInterrupt
 .text.Cpu_Interrupt
                0x00000b1c        0xc ./Generated_Code/Cpu.o
                0x00000b1c                Cpu_Interrupt
 .text.__init_hardware
                0x00000b28      0x110 ./Generated_Code/Cpu.o
                0x00000b28                __init_hardware
 .text.PE_low_level_init
                0x00000c38       0xf8 ./Generated_Code/Cpu.o
                0x00000c38                PE_low_level_init
 .text.BitIoLdd3_Init
                0x00000d30       0x60 ./Generated_Code/BitIoLdd3.o
                0x00000d30                BitIoLdd3_Init
 .text.BitIoLdd3_SetVal
                0x00000d90       0x18 ./Generated_Code/BitIoLdd3.o
                0x00000d90                BitIoLdd3_SetVal
 .text.BitIoLdd2_Init
                0x00000da8       0x60 ./Generated_Code/BitIoLdd2.o
                0x00000da8                BitIoLdd2_Init
 .text.BitIoLdd2_ClrVal
                0x00000e08       0x18 ./Generated_Code/BitIoLdd2.o
                0x00000e08                BitIoLdd2_ClrVal
 .text.BitIoLdd2_SetVal
                0x00000e20       0x18 ./Generated_Code/BitIoLdd2.o
                0x00000e20                BitIoLdd2_SetVal
 .text.BitIoLdd1_Init
                0x00000e38       0x60 ./Generated_Code/BitIoLdd1.o
                0x00000e38                BitIoLdd1_Init
 .text.BitIoLdd1_ClrVal
                0x00000e98       0x18 ./Generated_Code/BitIoLdd1.o
                0x00000e98                BitIoLdd1_ClrVal
 .text.BitIoLdd1_SetVal
                0x00000eb0       0x18 ./Generated_Code/BitIoLdd1.o
                0x00000eb0                BitIoLdd1_SetVal
 .text.BLUE_Init
                0x00000ec8       0x18 ./Generated_Code/BLUE.o
                0x00000ec8                BLUE_Init
 .text.ASerialLdd2_Init
                0x00000ee0      0x170 ./Generated_Code/ASerialLdd2.o
                0x00000ee0                ASerialLdd2_Init
 .text.ASerialLdd2_ReceiveBlock
                0x00001050       0x98 ./Generated_Code/ASerialLdd2.o
                0x00001050                ASerialLdd2_ReceiveBlock
 .text.ASerialLdd2_SendBlock
                0x000010e8       0xc4 ./Generated_Code/ASerialLdd2.o
                0x000010e8                ASerialLdd2_SendBlock
 .text.InterruptRx
                0x000011ac       0x58 ./Generated_Code/ASerialLdd2.o
 .text.InterruptTx
                0x00001204       0x80 ./Generated_Code/ASerialLdd2.o
 .text.ASerialLdd2_Interrupt
                0x00001284       0xe0 ./Generated_Code/ASerialLdd2.o
                0x00001284                ASerialLdd2_Interrupt
 .text.ASerialLdd2_GetError
                0x00001364       0x74 ./Generated_Code/ASerialLdd2.o
                0x00001364                ASerialLdd2_GetError
 .text.ASerialLdd1_Init
                0x000013d8      0x1c4 ./Generated_Code/ASerialLdd1.o
                0x000013d8                ASerialLdd1_Init
 .text.ASerialLdd1_ReceiveBlock
                0x0000159c       0x98 ./Generated_Code/ASerialLdd1.o
                0x0000159c                ASerialLdd1_ReceiveBlock
 .text.ASerialLdd1_SendBlock
                0x00001634       0xc4 ./Generated_Code/ASerialLdd1.o
                0x00001634                ASerialLdd1_SendBlock
 .text.InterruptRx
                0x000016f8       0x58 ./Generated_Code/ASerialLdd1.o
 .text.InterruptTx
                0x00001750       0x80 ./Generated_Code/ASerialLdd1.o
 .text.ASerialLdd1_Interrupt
                0x000017d0       0xe4 ./Generated_Code/ASerialLdd1.o
                0x000017d0                ASerialLdd1_Interrupt
 .text.ASerialLdd1_GetError
                0x000018b4       0x74 ./Generated_Code/ASerialLdd1.o
                0x000018b4                ASerialLdd1_GetError
 .text.zero_fill_bss
                0x00001928       0x24 ./Project_Settings/Startup_Code/__arm_start.o
 .text.__thumb_startup
                0x0000194c       0x30 ./Project_Settings/Startup_Code/__arm_start.o
                0x0000194c                __thumb_startup
 .text._ExitProcess
                0x0000197c        0xc ./Project_Settings/Startup_Code/__arm_end.o
                0x0000197c                _ExitProcess
 .text.SendCmd  0x00001988       0x30 ./Sources/main.o
                0x00001988                SendCmd
 .text.SendPC   0x000019b8       0x30 ./Sources/main.o
                0x000019b8                SendPC
 .text.main     0x000019e8      0x4e8 ./Sources/main.o
                0x000019e8                main
 .text.Cpu_OnNMIINT
                0x00001ed0        0x8 ./Sources/Events.o
                0x00001ed0                Cpu_OnNMIINT
 .text.PC_OnError
                0x00001ed8        0x8 ./Sources/Events.o
                0x00001ed8                PC_OnError
 .text.PC_OnRxChar
                0x00001ee0        0x8 ./Sources/Events.o
                0x00001ee0                PC_OnRxChar
 .text.PC_OnTxChar
                0x00001ee8        0x8 ./Sources/Events.o
                0x00001ee8                PC_OnTxChar
 .text.ESP_OnError
                0x00001ef0        0x8 ./Sources/Events.o
                0x00001ef0                ESP_OnError
 .text.ESP_OnRxChar
                0x00001ef8       0x5c ./Sources/Events.o
                0x00001ef8                ESP_OnRxChar
 .text.ESP_OnTxChar
                0x00001f54        0x8 ./Sources/Events.o
                0x00001f54                ESP_OnTxChar
 .text.exit     0x00001f5c       0x38 C:/Freescale/CW MCU v11.1/MCU/ARM_GCC_Support/ewl/lib/armv6-m\libc.a(exit.o)
                0x00001f5c                exit
 .text.strchr   0x00001f94       0x1e C:/Freescale/CW MCU v11.1/MCU/ARM_GCC_Support/ewl/lib/armv6-m\libc.a(strchr.o)
                0x00001f94                strchr
 .text.memset   0x00001fb2        0xc C:/Freescale/CW MCU v11.1/MCU/ARM_GCC_Support/ewl/lib/armv6-m\libc.a(memset.o)
                0x00001fb2                memset
 .text.strncmp  0x00001fbe       0x22 C:/Freescale/CW MCU v11.1/MCU/ARM_GCC_Support/ewl/lib/armv6-m\libc.a(strncmp.o)
                0x00001fbe                strncmp
 .text.__fill_mem
                0x00001fe0       0x7e C:/Freescale/CW MCU v11.1/MCU/ARM_GCC_Support/ewl/lib/armv6-m\libc.a(__filll_mem.o)
                0x00001fe0                __fill_mem
 .text.strcmp   0x0000205e       0x1c C:/Freescale/CW MCU v11.1/MCU/ARM_GCC_Support/ewl/lib/armv6-m\libc.a(strcmp.o)
                0x0000205e                strcmp
 .text.strlen   0x0000207a       0x10 C:/Freescale/CW MCU v11.1/MCU/ARM_GCC_Support/ewl/lib/armv6-m\libc.a(strlen.o)
                0x0000207a                strlen
 *fill*         0x0000208a        0x2 00
 .text.long2str.isra.0
                0x0000208c      0x19c C:/Freescale/CW MCU v11.1/MCU/ARM_GCC_Support/ewl/lib/armv6-m\libc.a(printformat_.o)
 .text.__pformatter_
                0x00002228      0x428 C:/Freescale/CW MCU v11.1/MCU/ARM_GCC_Support/ewl/lib/armv6-m\libc.a(printformat_.o)
                0x00002228                __pformatter_
 .text.__sformatter
                0x00002650      0x698 C:/Freescale/CW MCU v11.1/MCU/ARM_GCC_Support/ewl/lib/armv6-m\libc.a(scanformat_.o)
                0x00002650                __sformatter
 .text.isalpha  0x00002ce8       0x20 C:/Freescale/CW MCU v11.1/MCU/ARM_GCC_Support/ewl/lib/armv6-m\libc.a(ctype_aeabi.o)
                0x00002ce8                isalpha
 .text.isspace  0x00002d08       0x20 C:/Freescale/CW MCU v11.1/MCU/ARM_GCC_Support/ewl/lib/armv6-m\libc.a(ctype_aeabi.o)
                0x00002d08                isspace
 .text.toupper  0x00002d28        0xe C:/Freescale/CW MCU v11.1/MCU/ARM_GCC_Support/ewl/lib/armv6-m\libc.a(ctype_aeabi.o)
                0x00002d28                toupper
 .text.__strtoul
                0x00002d36      0x1ce C:/Freescale/CW MCU v11.1/MCU/ARM_GCC_Support/ewl/lib/armv6-m\libc.a(__strtoul.o)
                0x00002d36                __strtoul
 .text.memcpy   0x00002f04       0x12 C:/Freescale/CW MCU v11.1/MCU/ARM_GCC_Support/ewl/lib/armv6-m\libc.a(memcpy.o)
                0x00002f04                memcpy
 .text.memchr   0x00002f16       0x1a C:/Freescale/CW MCU v11.1/MCU/ARM_GCC_Support/ewl/lib/armv6-m\libc.a(memchr.o)
                0x00002f16                memchr
 .text.__init_cpp
                0x00002f30       0x48 C:/Freescale/CW MCU v11.1/MCU/ARM_GCC_Support/ewl/lib/armv6-m\librt.a(gcc_ctor_dtor.o)
                0x00002f30                __init_cpp
 .text.__fini_cpp
                0x00002f78       0x34 C:/Freescale/CW MCU v11.1/MCU/ARM_GCC_Support/ewl/lib/armv6-m\librt.a(gcc_ctor_dtor.o)
                0x00002f78                __fini_cpp
 .text.__destroy_global_chain
                0x00002fac       0x1c C:/Freescale/CW MCU v11.1/MCU/ARM_GCC_Support/ewl/lib/armv6-m\librt.a(__arm_eabi_init.o)
                0x00002fac                __destroy_global_chain
 .text.__init_registers
                0x00002fc8       0x1c C:/Freescale/CW MCU v11.1/MCU/ARM_GCC_Support/ewl/lib/armv6-m\librt.a(__arm_eabi_init.o)
                0x00002fc8                __init_registers
 .text.__init_user
                0x00002fe4        0x4 C:/Freescale/CW MCU v11.1/MCU/ARM_GCC_Support/ewl/lib/armv6-m\librt.a(__arm_eabi_init.o)
                0x00002fe4                __init_user
 .text.__copy_rom_section
                0x00002fe8       0x48 C:/Freescale/CW MCU v11.1/MCU/ARM_GCC_Support/ewl/lib/armv6-m\librt.a(ROMCopy.o)
                0x00002fe8                __copy_rom_section
 .text.__copy_rom_sections_to_ram
                0x00003030       0x34 C:/Freescale/CW MCU v11.1/MCU/ARM_GCC_Support/ewl/lib/armv6-m\librt.a(ROMCopy.o)
                0x00003030                __copy_rom_sections_to_ram
 *(.rodata)
 .rodata        0x00003064      0x1cc ./Sources/main.o
 *(.rodata*)
 .rodata.str1.1
                0x00003230        0x1 C:/Freescale/CW MCU v11.1/MCU/ARM_GCC_Support/ewl/lib/armv6-m\libc.a(printformat_.o)
 .rodata.CSWTCH.20
                0x00003231        0x5 C:/Freescale/CW MCU v11.1/MCU/ARM_GCC_Support/ewl/lib/armv6-m\libc.a(printformat_.o)
 .rodata.CSWTCH.21
                0x00003236        0x5 C:/Freescale/CW MCU v11.1/MCU/ARM_GCC_Support/ewl/lib/armv6-m\libc.a(printformat_.o)
 .rodata.__aeabi_ctype_table_C
                0x0000323b      0x101 C:/Freescale/CW MCU v11.1/MCU/ARM_GCC_Support/ewl/lib/armv6-m\libc.a(ctype_aeabi.o)
                0x0000323b                __aeabi_ctype_table_C
 *(.glue_7)
 .glue_7        0x00000000        0x0 linker stubs
 *(.glue_7t)
 .glue_7t       0x00000000        0x0 linker stubs
 *(.eh_frame)
 *(.init)
 *(.fini)
                0x0000333c                . = ALIGN (0x4)
                0x0000333c                _etext = .

.vfp11_veneer   0x0000333c        0x0
 .vfp11_veneer  0x00000000        0x0 linker stubs

.v4_bx          0x0000333c        0x0
 .v4_bx         0x00000000        0x0 linker stubs

.iplt           0x0000333c        0x0
 .iplt          0x00000000        0x0 ./Generated_Code/Vectors.o

.rel.dyn        0x0000333c        0x0
 .rel.iplt      0x00000000        0x0 ./Generated_Code/Vectors.o

.ARM.extab
 *(.ARM.extab* .gnu.linkonce.armextab.*)

.ARM            0x0000333c        0x0
                0x0000333c                __exidx_start = .
 *(.ARM.exidx*)
                0x0000333c                __exidx_end = .

.ctors          0x0000333c        0x0
                0x0000333c                __CTOR_LIST__ = .
 *crtbegin.o(.ctors)
 *(EXCLUDE_FILE(*crtend.o) .ctors)
 *(SORT(.ctors.*))
 *(.ctors)
                0x0000333c                __CTOR_END__ = .

.dtors          0x0000333c        0x0
                0x0000333c                __DTOR_LIST__ = .
 *crtbegin.o(.dtors)
 *(EXCLUDE_FILE(*crtend.o) .dtors)
 *(SORT(.dtors.*))
 *(.dtors)
                0x0000333c                __DTOR_END__ = .

.preinit_array  0x0000333c        0x0
                0x0000333c                PROVIDE (__preinit_array_start, .)
 *(.preinit_array*)
                0x0000333c                PROVIDE (__preinit_array_end, .)

.init_array     0x0000333c        0x0
                0x0000333c                PROVIDE (__init_array_start, .)
 *(SORT(.init_array.*))
 *(.init_array*)
                0x0000333c                PROVIDE (__init_array_end, .)

.fini_array     0x0000333c        0x0
                0x0000333c                PROVIDE (__fini_array_start, .)
 *(SORT(.fini_array.*))
 *(.fini_array*)
                0x0000333c                PROVIDE (__fini_array_end, .)
                0x0000333c                ___ROM_AT = .

.mtb            0x1ffff000        0x0
                0x1ffff000                . = ALIGN (0x8)
                0x1ffff000                _mtb_start = .
 *(.mtb_buf)
                0x1ffff000                . = ALIGN (0x8)
                0x1ffff000                _mtb_end = .

.data           0x1ffff000        0x0 load address 0x0000333c
                0x1ffff000                . = ALIGN (0x4)
                0x1ffff000                _sdata = .
 *(.data)
 *(.data*)
                0x1ffff000                . = ALIGN (0x4)
                0x1ffff000                _edata = .
                0x00000000                ___data_size = (_edata - _sdata)

.igot.plt       0x1ffff000        0x0
 .igot.plt      0x00000000        0x0 ./Generated_Code/Vectors.o
                0x1ffff000                . = ALIGN (0x4)

.bss            0x1ffff000      0x1ac
                0x1ffff000                __START_BSS = .
                0x1ffff000                PROVIDE (__bss_start__, __START_BSS)
 *(.bss)
 *(.bss*)
 .bss.PE_LDD_DeviceDataList
                0x1ffff000       0x14 ./Generated_Code/PE_LDD.o
                0x1ffff000                PE_LDD_DeviceDataList
 .bss.SerFlag   0x1ffff014        0x2 ./Generated_Code/PC.o
 .bss.BufferRead
                0x1ffff016        0x1 ./Generated_Code/PC.o
 .bss.OutBuffer
                0x1ffff017        0x1 ./Generated_Code/PC.o
 .bss.SerFlag   0x1ffff018        0x2 ./Generated_Code/ESP.o
 .bss.BufferRead
                0x1ffff01a        0x1 ./Generated_Code/ESP.o
 .bss.OutBuffer
                0x1ffff01b        0x1 ./Generated_Code/ESP.o
 .bss.SR_lock   0x1ffff01c        0x1 ./Generated_Code/Cpu.o
                0x1ffff01c                SR_lock
 *fill*         0x1ffff01d        0x3 00
 .bss.DeviceDataPrv__DEFAULT_RTOS_ALLOC
                0x1ffff020        0x4 ./Generated_Code/BitIoLdd3.o
 .bss.DeviceDataPrv__DEFAULT_RTOS_ALLOC
                0x1ffff024        0x4 ./Generated_Code/BitIoLdd2.o
 .bss.DeviceDataPrv__DEFAULT_RTOS_ALLOC
                0x1ffff028        0x4 ./Generated_Code/BitIoLdd1.o
 .bss.DeviceDataPrv__DEFAULT_RTOS_ALLOC
                0x1ffff02c       0x20 ./Generated_Code/ASerialLdd2.o
 .bss.INT_UART2__DEFAULT_RTOS_ISRPARAM
                0x1ffff04c        0x4 ./Generated_Code/ASerialLdd2.o
 .bss.DeviceDataPrv__DEFAULT_RTOS_ALLOC
                0x1ffff050       0x20 ./Generated_Code/ASerialLdd1.o
 .bss.INT_UART0__DEFAULT_RTOS_ISRPARAM
                0x1ffff070        0x4 ./Generated_Code/ASerialLdd1.o
 .bss.argv      0x1ffff074        0x4 ./Project_Settings/Startup_Code/__arm_start.o
 .bss.cmd       0x1ffff078       0x64 ./Sources/main.o
                0x1ffff078                cmd
 .bss.rcv       0x1ffff0dc       0x64 ./Sources/main.o
                0x1ffff0dc                rcv
 .bss.pos       0x1ffff140        0x1 ./Sources/main.o
                0x1ffff140                pos
 .bss.msg       0x1ffff141        0x1 ./Sources/main.o
                0x1ffff141                msg
 *fill*         0x1ffff142        0x2 00
 .bss.top       0x1ffff144       0x34 ./Sources/main.o
                0x1ffff144                top
 .bss.par       0x1ffff178        0xc ./Sources/main.o
                0x1ffff178                par
 .bss.scan      0x1ffff184        0x1 ./Sources/main.o
                0x1ffff184                scan
 .bss.scan2     0x1ffff185        0x1 ./Sources/main.o
                0x1ffff185                scan2
 *fill*         0x1ffff186        0x2 00
 .bss.__stdio_exit
                0x1ffff188        0x4 C:/Freescale/CW MCU v11.1/MCU/ARM_GCC_Support/ewl/lib/armv6-m\libc.a(exit.o)
                0x1ffff188                __stdio_exit
 .bss.__console_exit
                0x1ffff18c        0x4 C:/Freescale/CW MCU v11.1/MCU/ARM_GCC_Support/ewl/lib/armv6-m\libc.a(exit.o)
                0x1ffff18c                __console_exit
 .bss.__global_destructor_chain
                0x1ffff190        0x4 C:/Freescale/CW MCU v11.1/MCU/ARM_GCC_Support/ewl/lib/armv6-m\librt.a(__arm_eabi_init.o)
                0x1ffff190                __global_destructor_chain
 .bss.__S_romp  0x1ffff194        0xc C:/Freescale/CW MCU v11.1/MCU/ARM_GCC_Support/ewl/lib/armv6-m\librt.a(ROMCopy.o)
 *(COMMON)
 COMMON         0x1ffff1a0        0x4 ./Generated_Code/PC.o
                0x1ffff1a0                ASerialLdd1_DeviceDataPtr
 COMMON         0x1ffff1a4        0x4 ./Generated_Code/ESP.o
                0x1ffff1a4                ASerialLdd2_DeviceDataPtr
 COMMON         0x1ffff1a8        0x1 ./Generated_Code/Cpu.o
                0x1ffff1a8                SR_reg
                0x1ffff1ac                . = ALIGN (0x4)
 *fill*         0x1ffff1a9        0x3 00
                0x1ffff1ac                __END_BSS = .
                0x1ffff1ac                PROVIDE (__bss_end__, __END_BSS)
                0x0000333c                _romp_at = (___ROM_AT + SIZEOF (.data))

.romp           0x1ffff1ac       0x18 load address 0x0000333c
                0x0000333c                __S_romp = _romp_at
                0x1ffff1ac        0x4 LONG 0x333c ___ROM_AT
                0x1ffff1b0        0x4 LONG 0x1ffff000 _sdata
                0x1ffff1b4        0x4 LONG 0x0 ___data_size
                0x1ffff1b8        0x4 LONG 0x0
                0x1ffff1bc        0x4 LONG 0x0
                0x1ffff1c0        0x4 LONG 0x0

._user_heap_stack
                0x1ffff1c4      0x400 load address 0x00003354
                0x1ffff1c4                . = ALIGN (0x4)
                0x1ffff1c4                PROVIDE (end, .)
                0x1ffff1c4                PROVIDE (_end, .)
                0x1ffff1c4                __heap_addr = .
                0x1ffff1c4                . = (. + __heap_size)
                0x1ffff5c4                . = (. + __stack_size)
 *fill*         0x1ffff1c4      0x400 00
                0x1ffff5c4                . = ALIGN (0x4)

.ARM.attributes
                0x00000000       0x31
 *(.ARM.attributes)
 .ARM.attributes
                0x00000000       0x31 ./Generated_Code/Vectors.o
 .ARM.attributes
                0x00000031       0x31 ./Generated_Code/UTIL.o
 .ARM.attributes
                0x00000062       0x31 ./Generated_Code/RED.o
 .ARM.attributes
                0x00000093       0x31 ./Generated_Code/PE_LDD.o
 .ARM.attributes
                0x000000c4       0x31 ./Generated_Code/PC.o
 .ARM.attributes
                0x000000f5       0x31 ./Generated_Code/MCUC1.o
 .ARM.attributes
                0x00000126       0x31 ./Generated_Code/GREEN.o
 .ARM.attributes
                0x00000157       0x31 ./Generated_Code/ESP.o
 .ARM.attributes
                0x00000188       0x31 ./Generated_Code/Cpu.o
 .ARM.attributes
                0x000001b9       0x31 ./Generated_Code/BitIoLdd3.o
 .ARM.attributes
                0x000001ea       0x31 ./Generated_Code/BitIoLdd2.o
 .ARM.attributes
                0x0000021b       0x31 ./Generated_Code/BitIoLdd1.o
 .ARM.attributes
                0x0000024c       0x31 ./Generated_Code/BLUE.o
 .ARM.attributes
                0x0000027d       0x31 ./Generated_Code/ASerialLdd2.o
 .ARM.attributes
                0x000002ae       0x31 ./Generated_Code/ASerialLdd1.o
 .ARM.attributes
                0x000002df       0x31 ./Project_Settings/Startup_Code/__arm_start.o
 .ARM.attributes
                0x00000310       0x31 ./Project_Settings/Startup_Code/__arm_end.o
 .ARM.attributes
                0x00000341       0x31 ./Sources/main.o
 .ARM.attributes
                0x00000372       0x31 ./Sources/Events.o
 .ARM.attributes
                0x000003a3       0x31 C:/Freescale/CW MCU v11.1/MCU/ARM_GCC_Support/ewl/lib/armv6-m\libc.a(exit.o)
 .ARM.attributes
                0x000003d4       0x31 C:/Freescale/CW MCU v11.1/MCU/ARM_GCC_Support/ewl/lib/armv6-m\libc.a(strchr.o)
 .ARM.attributes
                0x00000405       0x31 C:/Freescale/CW MCU v11.1/MCU/ARM_GCC_Support/ewl/lib/armv6-m\libc.a(memset.o)
 .ARM.attributes
                0x00000436       0x31 C:/Freescale/CW MCU v11.1/MCU/ARM_GCC_Support/ewl/lib/armv6-m\libc.a(strncmp.o)
 .ARM.attributes
                0x00000467       0x31 C:/Freescale/CW MCU v11.1/MCU/ARM_GCC_Support/ewl/lib/armv6-m\libc.a(__filll_mem.o)
 .ARM.attributes
                0x00000498       0x31 C:/Freescale/CW MCU v11.1/MCU/ARM_GCC_Support/ewl/lib/armv6-m\libc.a(strcmp.o)
 .ARM.attributes
                0x000004c9       0x31 C:/Freescale/CW MCU v11.1/MCU/ARM_GCC_Support/ewl/lib/armv6-m\libc.a(strlen.o)
 .ARM.attributes
                0x000004fa       0x31 C:/Freescale/CW MCU v11.1/MCU/ARM_GCC_Support/ewl/lib/armv6-m\libc.a(printformat_.o)
 .ARM.attributes
                0x0000052b       0x31 C:/Freescale/CW MCU v11.1/MCU/ARM_GCC_Support/ewl/lib/armv6-m\libc.a(scanformat_.o)
 .ARM.attributes
                0x0000055c       0x31 C:/Freescale/CW MCU v11.1/MCU/ARM_GCC_Support/ewl/lib/armv6-m\libc.a(ctype_aeabi.o)
 .ARM.attributes
                0x0000058d       0x31 C:/Freescale/CW MCU v11.1/MCU/ARM_GCC_Support/ewl/lib/armv6-m\libc.a(__strtoul.o)
 .ARM.attributes
                0x000005be       0x31 C:/Freescale/CW MCU v11.1/MCU/ARM_GCC_Support/ewl/lib/armv6-m\libc.a(memcpy.o)
 .ARM.attributes
                0x000005ef       0x31 C:/Freescale/CW MCU v11.1/MCU/ARM_GCC_Support/ewl/lib/armv6-m\libc.a(memchr.o)
 .ARM.attributes
                0x00000620       0x1e c:/freescale/cw mcu v11.1/cross_tools/arm-none-eabi-gcc-4_7_3/bin/../lib/gcc/arm-none-eabi/4.7.3/armv6-m\libgcc.a(_thumb1_case_sqi.o)
 .ARM.attributes
                0x0000063e       0x1e c:/freescale/cw mcu v11.1/cross_tools/arm-none-eabi-gcc-4_7_3/bin/../lib/gcc/arm-none-eabi/4.7.3/armv6-m\libgcc.a(_thumb1_case_uqi.o)
 .ARM.attributes
                0x0000065c       0x1e c:/freescale/cw mcu v11.1/cross_tools/arm-none-eabi-gcc-4_7_3/bin/../lib/gcc/arm-none-eabi/4.7.3/armv6-m\libgcc.a(_udivsi3.o)
 .ARM.attributes
                0x0000067a       0x1e c:/freescale/cw mcu v11.1/cross_tools/arm-none-eabi-gcc-4_7_3/bin/../lib/gcc/arm-none-eabi/4.7.3/armv6-m\libgcc.a(_dvmd_tls.o)
 .ARM.attributes
                0x00000698       0x31 C:/Freescale/CW MCU v11.1/MCU/ARM_GCC_Support/ewl/lib/armv6-m\librt.a(gcc_ctor_dtor.o)
 .ARM.attributes
                0x000006c9       0x31 C:/Freescale/CW MCU v11.1/MCU/ARM_GCC_Support/ewl/lib/armv6-m\librt.a(__arm_eabi_init.o)
 .ARM.attributes
                0x000006fa       0x31 C:/Freescale/CW MCU v11.1/MCU/ARM_GCC_Support/ewl/lib/armv6-m\librt.a(ROMCopy.o)
OUTPUT(relatorio1.elf elf32-littlearm)

.debug_info     0x00000000     0x710c
 .debug_info    0x00000000      0x10b ./Generated_Code/Vectors.o
 .debug_info    0x0000010b     0x1bed ./Generated_Code/UTIL.o
 .debug_info    0x00001cf8       0xf8 ./Generated_Code/RED.o
 .debug_info    0x00001df0      0x255 ./Generated_Code/PE_LDD.o
 .debug_info    0x00002045      0x312 ./Generated_Code/PC.o
 .debug_info    0x00002357       0xa0 ./Generated_Code/MCUC1.o
 .debug_info    0x000023f7       0xf8 ./Generated_Code/GREEN.o
 .debug_info    0x000024ef      0x312 ./Generated_Code/ESP.o
 .debug_info    0x00002801      0x8e8 ./Generated_Code/Cpu.o
 .debug_info    0x000030e9      0x38b ./Generated_Code/BitIoLdd3.o
 .debug_info    0x00003474      0x38b ./Generated_Code/BitIoLdd2.o
 .debug_info    0x000037ff      0x38b ./Generated_Code/BitIoLdd1.o
 .debug_info    0x00003b8a       0xf8 ./Generated_Code/BLUE.o
 .debug_info    0x00003c82      0x866 ./Generated_Code/ASerialLdd2.o
 .debug_info    0x000044e8      0x892 ./Generated_Code/ASerialLdd1.o
 .debug_info    0x00004d7a      0x12a ./Project_Settings/Startup_Code/__arm_start.o
 .debug_info    0x00004ea4       0x54 ./Project_Settings/Startup_Code/__arm_end.o
 .debug_info    0x00004ef8      0x209 ./Sources/main.o
 .debug_info    0x00005101      0x19e ./Sources/Events.o
 .debug_info    0x0000529f       0xe8 C:/Freescale/CW MCU v11.1/MCU/ARM_GCC_Support/ewl/lib/armv6-m\libc.a(exit.o)
 .debug_info    0x00005387      0x10b C:/Freescale/CW MCU v11.1/MCU/ARM_GCC_Support/ewl/lib/armv6-m\libc.a(strchr.o)
 .debug_info    0x00005492       0xec C:/Freescale/CW MCU v11.1/MCU/ARM_GCC_Support/ewl/lib/armv6-m\libc.a(memset.o)
 .debug_info    0x0000557e      0x141 C:/Freescale/CW MCU v11.1/MCU/ARM_GCC_Support/ewl/lib/armv6-m\libc.a(strncmp.o)
 .debug_info    0x000056bf      0x137 C:/Freescale/CW MCU v11.1/MCU/ARM_GCC_Support/ewl/lib/armv6-m\libc.a(__filll_mem.o)
 .debug_info    0x000057f6      0x114 C:/Freescale/CW MCU v11.1/MCU/ARM_GCC_Support/ewl/lib/armv6-m\libc.a(strcmp.o)
 .debug_info    0x0000590a       0xea C:/Freescale/CW MCU v11.1/MCU/ARM_GCC_Support/ewl/lib/armv6-m\libc.a(strlen.o)
 .debug_info    0x000059f4      0x50d C:/Freescale/CW MCU v11.1/MCU/ARM_GCC_Support/ewl/lib/armv6-m\libc.a(printformat_.o)
 .debug_info    0x00005f01      0x568 C:/Freescale/CW MCU v11.1/MCU/ARM_GCC_Support/ewl/lib/armv6-m\libc.a(scanformat_.o)
 .debug_info    0x00006469      0x313 C:/Freescale/CW MCU v11.1/MCU/ARM_GCC_Support/ewl/lib/armv6-m\libc.a(ctype_aeabi.o)
 .debug_info    0x0000677c      0x1d6 C:/Freescale/CW MCU v11.1/MCU/ARM_GCC_Support/ewl/lib/armv6-m\libc.a(__strtoul.o)
 .debug_info    0x00006952      0x10f C:/Freescale/CW MCU v11.1/MCU/ARM_GCC_Support/ewl/lib/armv6-m\libc.a(memcpy.o)
 .debug_info    0x00006a61      0x121 C:/Freescale/CW MCU v11.1/MCU/ARM_GCC_Support/ewl/lib/armv6-m\libc.a(memchr.o)
 .debug_info    0x00006b82      0x136 C:/Freescale/CW MCU v11.1/MCU/ARM_GCC_Support/ewl/lib/armv6-m\librt.a(gcc_ctor_dtor.o)
 .debug_info    0x00006cb8      0x2b9 C:/Freescale/CW MCU v11.1/MCU/ARM_GCC_Support/ewl/lib/armv6-m\librt.a(__arm_eabi_init.o)
 .debug_info    0x00006f71      0x19b C:/Freescale/CW MCU v11.1/MCU/ARM_GCC_Support/ewl/lib/armv6-m\librt.a(ROMCopy.o)

.debug_abbrev   0x00000000     0x1ee9
 .debug_abbrev  0x00000000       0xa3 ./Generated_Code/Vectors.o
 .debug_abbrev  0x000000a3      0x164 ./Generated_Code/UTIL.o
 .debug_abbrev  0x00000207       0xa3 ./Generated_Code/RED.o
 .debug_abbrev  0x000002aa      0x102 ./Generated_Code/PE_LDD.o
 .debug_abbrev  0x000003ac      0x14a ./Generated_Code/PC.o
 .debug_abbrev  0x000004f6       0x3d ./Generated_Code/MCUC1.o
 .debug_abbrev  0x00000533       0xa3 ./Generated_Code/GREEN.o
 .debug_abbrev  0x000005d6      0x14a ./Generated_Code/ESP.o
 .debug_abbrev  0x00000720      0x122 ./Generated_Code/Cpu.o
 .debug_abbrev  0x00000842      0x11c ./Generated_Code/BitIoLdd3.o
 .debug_abbrev  0x0000095e      0x11c ./Generated_Code/BitIoLdd2.o
 .debug_abbrev  0x00000a7a      0x11c ./Generated_Code/BitIoLdd1.o
 .debug_abbrev  0x00000b96       0xa3 ./Generated_Code/BLUE.o
 .debug_abbrev  0x00000c39      0x189 ./Generated_Code/ASerialLdd2.o
 .debug_abbrev  0x00000dc2      0x189 ./Generated_Code/ASerialLdd1.o
 .debug_abbrev  0x00000f4b       0x92 ./Project_Settings/Startup_Code/__arm_start.o
 .debug_abbrev  0x00000fdd       0x4c ./Project_Settings/Startup_Code/__arm_end.o
 .debug_abbrev  0x00001029       0xd7 ./Sources/main.o
 .debug_abbrev  0x00001100       0x9a ./Sources/Events.o
 .debug_abbrev  0x0000119a       0x7a C:/Freescale/CW MCU v11.1/MCU/ARM_GCC_Support/ewl/lib/armv6-m\libc.a(exit.o)
 .debug_abbrev  0x00001214       0x7a C:/Freescale/CW MCU v11.1/MCU/ARM_GCC_Support/ewl/lib/armv6-m\libc.a(strchr.o)
 .debug_abbrev  0x0000128e       0x62 C:/Freescale/CW MCU v11.1/MCU/ARM_GCC_Support/ewl/lib/armv6-m\libc.a(memset.o)
 .debug_abbrev  0x000012f0       0x98 C:/Freescale/CW MCU v11.1/MCU/ARM_GCC_Support/ewl/lib/armv6-m\libc.a(strncmp.o)
 .debug_abbrev  0x00001388       0x78 C:/Freescale/CW MCU v11.1/MCU/ARM_GCC_Support/ewl/lib/armv6-m\libc.a(__filll_mem.o)
 .debug_abbrev  0x00001400       0x89 C:/Freescale/CW MCU v11.1/MCU/ARM_GCC_Support/ewl/lib/armv6-m\libc.a(strcmp.o)
 .debug_abbrev  0x00001489       0x7a C:/Freescale/CW MCU v11.1/MCU/ARM_GCC_Support/ewl/lib/armv6-m\libc.a(strlen.o)
 .debug_abbrev  0x00001503      0x200 C:/Freescale/CW MCU v11.1/MCU/ARM_GCC_Support/ewl/lib/armv6-m\libc.a(printformat_.o)
 .debug_abbrev  0x00001703      0x1f0 C:/Freescale/CW MCU v11.1/MCU/ARM_GCC_Support/ewl/lib/armv6-m\libc.a(scanformat_.o)
 .debug_abbrev  0x000018f3       0x9e C:/Freescale/CW MCU v11.1/MCU/ARM_GCC_Support/ewl/lib/armv6-m\libc.a(ctype_aeabi.o)
 .debug_abbrev  0x00001991       0xc2 C:/Freescale/CW MCU v11.1/MCU/ARM_GCC_Support/ewl/lib/armv6-m\libc.a(__strtoul.o)
 .debug_abbrev  0x00001a53       0x95 C:/Freescale/CW MCU v11.1/MCU/ARM_GCC_Support/ewl/lib/armv6-m\libc.a(memcpy.o)
 .debug_abbrev  0x00001ae8       0x95 C:/Freescale/CW MCU v11.1/MCU/ARM_GCC_Support/ewl/lib/armv6-m\libc.a(memchr.o)
 .debug_abbrev  0x00001b7d       0x99 C:/Freescale/CW MCU v11.1/MCU/ARM_GCC_Support/ewl/lib/armv6-m\librt.a(gcc_ctor_dtor.o)
 .debug_abbrev  0x00001c16      0x1b3 C:/Freescale/CW MCU v11.1/MCU/ARM_GCC_Support/ewl/lib/armv6-m\librt.a(__arm_eabi_init.o)
 .debug_abbrev  0x00001dc9      0x120 C:/Freescale/CW MCU v11.1/MCU/ARM_GCC_Support/ewl/lib/armv6-m\librt.a(ROMCopy.o)

.debug_aranges  0x00000000      0x948
 .debug_aranges
                0x00000000       0x18 ./Generated_Code/Vectors.o
 .debug_aranges
                0x00000018      0x250 ./Generated_Code/UTIL.o
 .debug_aranges
                0x00000268       0x30 ./Generated_Code/RED.o
 .debug_aranges
                0x00000298       0x30 ./Generated_Code/PE_LDD.o
 .debug_aranges
                0x000002c8       0x68 ./Generated_Code/PC.o
 .debug_aranges
                0x00000330       0x28 ./Generated_Code/MCUC1.o
 .debug_aranges
                0x00000358       0x30 ./Generated_Code/GREEN.o
 .debug_aranges
                0x00000388       0x68 ./Generated_Code/ESP.o
 .debug_aranges
                0x000003f0       0x38 ./Generated_Code/Cpu.o
 .debug_aranges
                0x00000428       0x40 ./Generated_Code/BitIoLdd3.o
 .debug_aranges
                0x00000468       0x40 ./Generated_Code/BitIoLdd2.o
 .debug_aranges
                0x000004a8       0x40 ./Generated_Code/BitIoLdd1.o
 .debug_aranges
                0x000004e8       0x30 ./Generated_Code/BLUE.o
 .debug_aranges
                0x00000518       0x50 ./Generated_Code/ASerialLdd2.o
 .debug_aranges
                0x00000568       0x50 ./Generated_Code/ASerialLdd1.o
 .debug_aranges
                0x000005b8       0x30 ./Project_Settings/Startup_Code/__arm_start.o
 .debug_aranges
                0x000005e8       0x20 ./Project_Settings/Startup_Code/__arm_end.o
 .debug_aranges
                0x00000608       0x30 ./Sources/main.o
 .debug_aranges
                0x00000638       0x50 ./Sources/Events.o
 .debug_aranges
                0x00000688       0x20 C:/Freescale/CW MCU v11.1/MCU/ARM_GCC_Support/ewl/lib/armv6-m\libc.a(exit.o)
 .debug_aranges
                0x000006a8       0x20 C:/Freescale/CW MCU v11.1/MCU/ARM_GCC_Support/ewl/lib/armv6-m\libc.a(strchr.o)
 .debug_aranges
                0x000006c8       0x20 C:/Freescale/CW MCU v11.1/MCU/ARM_GCC_Support/ewl/lib/armv6-m\libc.a(memset.o)
 .debug_aranges
                0x000006e8       0x20 C:/Freescale/CW MCU v11.1/MCU/ARM_GCC_Support/ewl/lib/armv6-m\libc.a(strncmp.o)
 .debug_aranges
                0x00000708       0x20 C:/Freescale/CW MCU v11.1/MCU/ARM_GCC_Support/ewl/lib/armv6-m\libc.a(__filll_mem.o)
 .debug_aranges
                0x00000728       0x20 C:/Freescale/CW MCU v11.1/MCU/ARM_GCC_Support/ewl/lib/armv6-m\libc.a(strcmp.o)
 .debug_aranges
                0x00000748       0x20 C:/Freescale/CW MCU v11.1/MCU/ARM_GCC_Support/ewl/lib/armv6-m\libc.a(strlen.o)
 .debug_aranges
                0x00000768       0x28 C:/Freescale/CW MCU v11.1/MCU/ARM_GCC_Support/ewl/lib/armv6-m\libc.a(printformat_.o)
 .debug_aranges
                0x00000790       0x20 C:/Freescale/CW MCU v11.1/MCU/ARM_GCC_Support/ewl/lib/armv6-m\libc.a(scanformat_.o)
 .debug_aranges
                0x000007b0       0x88 C:/Freescale/CW MCU v11.1/MCU/ARM_GCC_Support/ewl/lib/armv6-m\libc.a(ctype_aeabi.o)
 .debug_aranges
                0x00000838       0x20 C:/Freescale/CW MCU v11.1/MCU/ARM_GCC_Support/ewl/lib/armv6-m\libc.a(__strtoul.o)
 .debug_aranges
                0x00000858       0x20 C:/Freescale/CW MCU v11.1/MCU/ARM_GCC_Support/ewl/lib/armv6-m\libc.a(memcpy.o)
 .debug_aranges
                0x00000878       0x20 C:/Freescale/CW MCU v11.1/MCU/ARM_GCC_Support/ewl/lib/armv6-m\libc.a(memchr.o)
 .debug_aranges
                0x00000898       0x28 C:/Freescale/CW MCU v11.1/MCU/ARM_GCC_Support/ewl/lib/armv6-m\librt.a(gcc_ctor_dtor.o)
 .debug_aranges
                0x000008c0       0x58 C:/Freescale/CW MCU v11.1/MCU/ARM_GCC_Support/ewl/lib/armv6-m\librt.a(__arm_eabi_init.o)
 .debug_aranges
                0x00000918       0x30 C:/Freescale/CW MCU v11.1/MCU/ARM_GCC_Support/ewl/lib/armv6-m\librt.a(ROMCopy.o)

.debug_macinfo  0x00000000   0x347605
 .debug_macinfo
                0x00000000    0x30890 ./Generated_Code/Vectors.o
 .debug_macinfo
                0x00030890    0x2e9cd ./Generated_Code/UTIL.o
 .debug_macinfo
                0x0005f25d    0x2f7f1 ./Generated_Code/RED.o
 .debug_macinfo
                0x0008ea4e    0x30844 ./Generated_Code/PE_LDD.o
 .debug_macinfo
                0x000bf292    0x309c5 ./Generated_Code/PC.o
 .debug_macinfo
                0x000efc57    0x2e591 ./Generated_Code/MCUC1.o
 .debug_macinfo
                0x0011e1e8    0x2f811 ./Generated_Code/GREEN.o
 .debug_macinfo
                0x0014d9f9    0x309c5 ./Generated_Code/ESP.o
 .debug_macinfo
                0x0017e3be    0x30890 ./Generated_Code/Cpu.o
 .debug_macinfo
                0x001aec4e    0x2ecc4 ./Generated_Code/BitIoLdd3.o
 .debug_macinfo
                0x001dd912    0x2ecc4 ./Generated_Code/BitIoLdd2.o
 .debug_macinfo
                0x0020c5d6    0x2ecc4 ./Generated_Code/BitIoLdd1.o
 .debug_macinfo
                0x0023b29a    0x2f801 ./Generated_Code/BLUE.o
 .debug_macinfo
                0x0026aa9b    0x3beef ./Generated_Code/ASerialLdd2.o
 .debug_macinfo
                0x002a698a    0x3840b ./Generated_Code/ASerialLdd1.o
 .debug_macinfo
                0x002ded95     0x3e6d ./Project_Settings/Startup_Code/__arm_start.o
 .debug_macinfo
                0x002e2c02     0x3456 ./Project_Settings/Startup_Code/__arm_end.o
 .debug_macinfo
                0x002e6058    0x30d31 ./Sources/main.o
 .debug_macinfo
                0x00316d89    0x3087c ./Sources/Events.o

.debug_line     0x00000000     0x6025
 .debug_line    0x00000000      0x58a ./Generated_Code/Vectors.o
 .debug_line    0x0000058a      0xb18 ./Generated_Code/UTIL.o
 .debug_line    0x000010a2      0x2e1 ./Generated_Code/RED.o
 .debug_line    0x00001383      0x424 ./Generated_Code/PE_LDD.o
 .debug_line    0x000017a7      0x5ec ./Generated_Code/PC.o
 .debug_line    0x00001d93      0x23b ./Generated_Code/MCUC1.o
 .debug_line    0x00001fce      0x2e7 ./Generated_Code/GREEN.o
 .debug_line    0x000022b5      0x5ee ./Generated_Code/ESP.o
 .debug_line    0x000028a3      0x5f7 ./Generated_Code/Cpu.o
 .debug_line    0x00002e9a      0x2d0 ./Generated_Code/BitIoLdd3.o
 .debug_line    0x0000316a      0x2d0 ./Generated_Code/BitIoLdd2.o
 .debug_line    0x0000343a      0x2d0 ./Generated_Code/BitIoLdd1.o
 .debug_line    0x0000370a      0x2e4 ./Generated_Code/BLUE.o
 .debug_line    0x000039ee      0x378 ./Generated_Code/ASerialLdd2.o
 .debug_line    0x00003d66      0x37d ./Generated_Code/ASerialLdd1.o
 .debug_line    0x000040e3      0x2b8 ./Project_Settings/Startup_Code/__arm_start.o
 .debug_line    0x0000439b      0x265 ./Project_Settings/Startup_Code/__arm_end.o
 .debug_line    0x00004600      0x580 ./Sources/main.o
 .debug_line    0x00004b80      0x4b9 ./Sources/Events.o
 .debug_line    0x00005039       0x8d C:/Freescale/CW MCU v11.1/MCU/ARM_GCC_Support/ewl/lib/armv6-m\libc.a(exit.o)
 .debug_line    0x000050c6       0x7d C:/Freescale/CW MCU v11.1/MCU/ARM_GCC_Support/ewl/lib/armv6-m\libc.a(strchr.o)
 .debug_line    0x00005143       0x90 C:/Freescale/CW MCU v11.1/MCU/ARM_GCC_Support/ewl/lib/armv6-m\libc.a(memset.o)
 .debug_line    0x000051d3       0x8d C:/Freescale/CW MCU v11.1/MCU/ARM_GCC_Support/ewl/lib/armv6-m\libc.a(strncmp.o)
 .debug_line    0x00005260       0xf6 C:/Freescale/CW MCU v11.1/MCU/ARM_GCC_Support/ewl/lib/armv6-m\libc.a(__filll_mem.o)
 .debug_line    0x00005356       0x83 C:/Freescale/CW MCU v11.1/MCU/ARM_GCC_Support/ewl/lib/armv6-m\libc.a(strcmp.o)
 .debug_line    0x000053d9       0x85 C:/Freescale/CW MCU v11.1/MCU/ARM_GCC_Support/ewl/lib/armv6-m\libc.a(strlen.o)
 .debug_line    0x0000545e      0x2c3 C:/Freescale/CW MCU v11.1/MCU/ARM_GCC_Support/ewl/lib/armv6-m\libc.a(printformat_.o)
 .debug_line    0x00005721      0x2be C:/Freescale/CW MCU v11.1/MCU/ARM_GCC_Support/ewl/lib/armv6-m\libc.a(scanformat_.o)
 .debug_line    0x000059df      0x1be C:/Freescale/CW MCU v11.1/MCU/ARM_GCC_Support/ewl/lib/armv6-m\libc.a(ctype_aeabi.o)
 .debug_line    0x00005b9d      0x11e C:/Freescale/CW MCU v11.1/MCU/ARM_GCC_Support/ewl/lib/armv6-m\libc.a(__strtoul.o)
 .debug_line    0x00005cbb       0x8b C:/Freescale/CW MCU v11.1/MCU/ARM_GCC_Support/ewl/lib/armv6-m\libc.a(memcpy.o)
 .debug_line    0x00005d46       0x9f C:/Freescale/CW MCU v11.1/MCU/ARM_GCC_Support/ewl/lib/armv6-m\libc.a(memchr.o)
 .debug_line    0x00005de5       0x6c C:/Freescale/CW MCU v11.1/MCU/ARM_GCC_Support/ewl/lib/armv6-m\librt.a(gcc_ctor_dtor.o)
 .debug_line    0x00005e51      0x117 C:/Freescale/CW MCU v11.1/MCU/ARM_GCC_Support/ewl/lib/armv6-m\librt.a(__arm_eabi_init.o)
 .debug_line    0x00005f68       0xbd C:/Freescale/CW MCU v11.1/MCU/ARM_GCC_Support/ewl/lib/armv6-m\librt.a(ROMCopy.o)

.debug_str      0x00000000     0x1fdd
 .debug_str     0x00000000      0x163 ./Generated_Code/Vectors.o
                                0x19c (size before relaxing)
 .debug_str     0x00000163      0x763 ./Generated_Code/UTIL.o
                                0x8cb (size before relaxing)
 .debug_str     0x000008c6       0x67 ./Generated_Code/RED.o
                                0x1a1 (size before relaxing)
 .debug_str     0x0000092d      0x172 ./Generated_Code/PE_LDD.o
                                0x2ff (size before relaxing)
 .debug_str     0x00000a9f      0x17e ./Generated_Code/PC.o
                                0x2e3 (size before relaxing)
 .debug_str     0x00000c1d       0x32 ./Generated_Code/MCUC1.o
                                0x163 (size before relaxing)
 .debug_str     0x00000c4f       0x43 ./Generated_Code/GREEN.o
                                0x1a9 (size before relaxing)
 .debug_str     0x00000c92       0xe6 ./Generated_Code/ESP.o
                                0x2ea (size before relaxing)
 .debug_str     0x00000d78      0x2be ./Generated_Code/Cpu.o
                                0x44b (size before relaxing)
 .debug_str     0x00001036      0x114 ./Generated_Code/BitIoLdd3.o
                                0x2fb (size before relaxing)
 .debug_str     0x0000114a       0xa0 ./Generated_Code/BitIoLdd2.o
                                0x2fb (size before relaxing)
 .debug_str     0x000011ea       0xa0 ./Generated_Code/BitIoLdd1.o
                                0x2fb (size before relaxing)
 .debug_str     0x0000128a       0x3f ./Generated_Code/BLUE.o
                                0x1a5 (size before relaxing)
 .debug_str     0x000012c9      0x1a9 ./Generated_Code/ASerialLdd2.o
                                0x4fd (size before relaxing)
 .debug_str     0x00001472       0xfc ./Generated_Code/ASerialLdd1.o
                                0x4ff (size before relaxing)
 .debug_str     0x0000156e       0xd3 ./Project_Settings/Startup_Code/__arm_start.o
                                0x1b7 (size before relaxing)
 .debug_str     0x00001641       0x41 ./Project_Settings/Startup_Code/__arm_end.o
                                 0xee (size before relaxing)
 .debug_str     0x00001682       0x3b ./Sources/main.o
                                0x1a7 (size before relaxing)
 .debug_str     0x000016bd       0x6a ./Sources/Events.o
                                0x1b0 (size before relaxing)
 .debug_str     0x00001727       0x54 C:/Freescale/CW MCU v11.1/MCU/ARM_GCC_Support/ewl/lib/armv6-m\libc.a(exit.o)
                                0x157 (size before relaxing)
 .debug_str     0x0000177b       0x1c C:/Freescale/CW MCU v11.1/MCU/ARM_GCC_Support/ewl/lib/armv6-m\libc.a(strchr.o)
                                0x137 (size before relaxing)
 .debug_str     0x00001797       0x1c C:/Freescale/CW MCU v11.1/MCU/ARM_GCC_Support/ewl/lib/armv6-m\libc.a(memset.o)
                                0x140 (size before relaxing)
 .debug_str     0x000017b3       0x30 C:/Freescale/CW MCU v11.1/MCU/ARM_GCC_Support/ewl/lib/armv6-m\libc.a(strncmp.o)
                                0x152 (size before relaxing)
 .debug_str     0x000017e3       0x25 C:/Freescale/CW MCU v11.1/MCU/ARM_GCC_Support/ewl/lib/armv6-m\libc.a(__filll_mem.o)
                                0x152 (size before relaxing)
 .debug_str     0x00001808       0x1c C:/Freescale/CW MCU v11.1/MCU/ARM_GCC_Support/ewl/lib/armv6-m\libc.a(strcmp.o)
                                0x152 (size before relaxing)
 .debug_str     0x00001824       0x1c C:/Freescale/CW MCU v11.1/MCU/ARM_GCC_Support/ewl/lib/armv6-m\libc.a(strlen.o)
                                0x140 (size before relaxing)
 .debug_str     0x00001840      0x233 C:/Freescale/CW MCU v11.1/MCU/ARM_GCC_Support/ewl/lib/armv6-m\libc.a(printformat_.o)
                                0x3b3 (size before relaxing)
 .debug_str     0x00001a73      0x184 C:/Freescale/CW MCU v11.1/MCU/ARM_GCC_Support/ewl/lib/armv6-m\libc.a(scanformat_.o)
                                0x3f9 (size before relaxing)
 .debug_str     0x00001bf7       0x9d C:/Freescale/CW MCU v11.1/MCU/ARM_GCC_Support/ewl/lib/armv6-m\libc.a(ctype_aeabi.o)
                                0x1bc (size before relaxing)
 .debug_str     0x00001c94       0x61 C:/Freescale/CW MCU v11.1/MCU/ARM_GCC_Support/ewl/lib/armv6-m\libc.a(__strtoul.o)
                                0x1fb (size before relaxing)
 .debug_str     0x00001cf5       0x1c C:/Freescale/CW MCU v11.1/MCU/ARM_GCC_Support/ewl/lib/armv6-m\libc.a(memcpy.o)
                                0x138 (size before relaxing)
 .debug_str     0x00001d11       0x1c C:/Freescale/CW MCU v11.1/MCU/ARM_GCC_Support/ewl/lib/armv6-m\libc.a(memchr.o)
                                0x148 (size before relaxing)
 .debug_str     0x00001d2d      0x126 C:/Freescale/CW MCU v11.1/MCU/ARM_GCC_Support/ewl/lib/armv6-m\librt.a(gcc_ctor_dtor.o)
                                0x181 (size before relaxing)
 .debug_str     0x00001e53       0xee C:/Freescale/CW MCU v11.1/MCU/ARM_GCC_Support/ewl/lib/armv6-m\librt.a(__arm_eabi_init.o)
                                0x1b5 (size before relaxing)
 .debug_str     0x00001f41       0x9c C:/Freescale/CW MCU v11.1/MCU/ARM_GCC_Support/ewl/lib/armv6-m\librt.a(ROMCopy.o)
                                0x13c (size before relaxing)

.comment        0x00000000       0x79
 .comment       0x00000000       0x79 ./Generated_Code/Vectors.o
                                 0x7a (size before relaxing)
 .comment       0x00000000       0x7a ./Generated_Code/UTIL.o
 .comment       0x00000000       0x7a ./Generated_Code/RED.o
 .comment       0x00000000       0x7a ./Generated_Code/PE_LDD.o
 .comment       0x00000000       0x7a ./Generated_Code/PC.o
 .comment       0x00000000       0x7a ./Generated_Code/MCUC1.o
 .comment       0x00000000       0x7a ./Generated_Code/GREEN.o
 .comment       0x00000000       0x7a ./Generated_Code/ESP.o
 .comment       0x00000000       0x7a ./Generated_Code/Cpu.o
 .comment       0x00000000       0x7a ./Generated_Code/BitIoLdd3.o
 .comment       0x00000000       0x7a ./Generated_Code/BitIoLdd2.o
 .comment       0x00000000       0x7a ./Generated_Code/BitIoLdd1.o
 .comment       0x00000000       0x7a ./Generated_Code/BLUE.o
 .comment       0x00000000       0x7a ./Generated_Code/ASerialLdd2.o
 .comment       0x00000000       0x7a ./Generated_Code/ASerialLdd1.o
 .comment       0x00000000       0x7a ./Project_Settings/Startup_Code/__arm_start.o
 .comment       0x00000000       0x7a ./Project_Settings/Startup_Code/__arm_end.o
 .comment       0x00000000       0x7a ./Sources/main.o
 .comment       0x00000000       0x7a ./Sources/Events.o
 .comment       0x00000000       0x7a C:/Freescale/CW MCU v11.1/MCU/ARM_GCC_Support/ewl/lib/armv6-m\libc.a(exit.o)
 .comment       0x00000000       0x7a C:/Freescale/CW MCU v11.1/MCU/ARM_GCC_Support/ewl/lib/armv6-m\libc.a(strchr.o)
 .comment       0x00000000       0x7a C:/Freescale/CW MCU v11.1/MCU/ARM_GCC_Support/ewl/lib/armv6-m\libc.a(memset.o)
 .comment       0x00000000       0x7a C:/Freescale/CW MCU v11.1/MCU/ARM_GCC_Support/ewl/lib/armv6-m\libc.a(strncmp.o)
 .comment       0x00000000       0x7a C:/Freescale/CW MCU v11.1/MCU/ARM_GCC_Support/ewl/lib/armv6-m\libc.a(__filll_mem.o)
 .comment       0x00000000       0x7a C:/Freescale/CW MCU v11.1/MCU/ARM_GCC_Support/ewl/lib/armv6-m\libc.a(strcmp.o)
 .comment       0x00000000       0x7a C:/Freescale/CW MCU v11.1/MCU/ARM_GCC_Support/ewl/lib/armv6-m\libc.a(strlen.o)
 .comment       0x00000000       0x7a C:/Freescale/CW MCU v11.1/MCU/ARM_GCC_Support/ewl/lib/armv6-m\libc.a(printformat_.o)
 .comment       0x00000000       0x7a C:/Freescale/CW MCU v11.1/MCU/ARM_GCC_Support/ewl/lib/armv6-m\libc.a(scanformat_.o)
 .comment       0x00000000       0x7a C:/Freescale/CW MCU v11.1/MCU/ARM_GCC_Support/ewl/lib/armv6-m\libc.a(ctype_aeabi.o)
 .comment       0x00000000       0x7a C:/Freescale/CW MCU v11.1/MCU/ARM_GCC_Support/ewl/lib/armv6-m\libc.a(__strtoul.o)
 .comment       0x00000000       0x7a C:/Freescale/CW MCU v11.1/MCU/ARM_GCC_Support/ewl/lib/armv6-m\libc.a(memcpy.o)
 .comment       0x00000000       0x7a C:/Freescale/CW MCU v11.1/MCU/ARM_GCC_Support/ewl/lib/armv6-m\libc.a(memchr.o)
 .comment       0x00000000       0x7a C:/Freescale/CW MCU v11.1/MCU/ARM_GCC_Support/ewl/lib/armv6-m\librt.a(gcc_ctor_dtor.o)
 .comment       0x00000000       0x7a C:/Freescale/CW MCU v11.1/MCU/ARM_GCC_Support/ewl/lib/armv6-m\librt.a(__arm_eabi_init.o)
 .comment       0x00000000       0x7a C:/Freescale/CW MCU v11.1/MCU/ARM_GCC_Support/ewl/lib/armv6-m\librt.a(ROMCopy.o)

.debug_loc      0x00000000     0x47b1
 .debug_loc     0x00000000      0xf71 ./Generated_Code/UTIL.o
 .debug_loc     0x00000f71       0x90 ./Generated_Code/RED.o
 .debug_loc     0x00001001       0x9c ./Generated_Code/PE_LDD.o
 .debug_loc     0x0000109d      0x200 ./Generated_Code/PC.o
 .debug_loc     0x0000129d       0x58 ./Generated_Code/MCUC1.o
 .debug_loc     0x000012f5       0x90 ./Generated_Code/GREEN.o
 .debug_loc     0x00001385      0x200 ./Generated_Code/ESP.o
 .debug_loc     0x00001585       0xb0 ./Generated_Code/Cpu.o
 .debug_loc     0x00001635      0x118 ./Generated_Code/BitIoLdd3.o
 .debug_loc     0x0000174d      0x118 ./Generated_Code/BitIoLdd2.o
 .debug_loc     0x00001865      0x118 ./Generated_Code/BitIoLdd1.o
 .debug_loc     0x0000197d       0x90 ./Generated_Code/BLUE.o
 .debug_loc     0x00001a0d      0x194 ./Generated_Code/ASerialLdd2.o
 .debug_loc     0x00001ba1      0x194 ./Generated_Code/ASerialLdd1.o
 .debug_loc     0x00001d35       0x2c ./Project_Settings/Startup_Code/__arm_start.o
 .debug_loc     0x00001d61       0x38 ./Project_Settings/Startup_Code/__arm_end.o
 .debug_loc     0x00001d99       0x9c ./Sources/main.o
 .debug_loc     0x00001e35      0x140 ./Sources/Events.o
 .debug_loc     0x00001f75       0x3e C:/Freescale/CW MCU v11.1/MCU/ARM_GCC_Support/ewl/lib/armv6-m\libc.a(exit.o)
 .debug_loc     0x00001fb3       0xaf C:/Freescale/CW MCU v11.1/MCU/ARM_GCC_Support/ewl/lib/armv6-m\libc.a(strchr.o)
 .debug_loc     0x00002062       0x6f C:/Freescale/CW MCU v11.1/MCU/ARM_GCC_Support/ewl/lib/armv6-m\libc.a(memset.o)
 .debug_loc     0x000020d1       0xed C:/Freescale/CW MCU v11.1/MCU/ARM_GCC_Support/ewl/lib/armv6-m\libc.a(strncmp.o)
 .debug_loc     0x000021be      0x14a C:/Freescale/CW MCU v11.1/MCU/ARM_GCC_Support/ewl/lib/armv6-m\libc.a(__filll_mem.o)
 .debug_loc     0x00002308       0x64 C:/Freescale/CW MCU v11.1/MCU/ARM_GCC_Support/ewl/lib/armv6-m\libc.a(strcmp.o)
 .debug_loc     0x0000236c       0x33 C:/Freescale/CW MCU v11.1/MCU/ARM_GCC_Support/ewl/lib/armv6-m\libc.a(strlen.o)
 .debug_loc     0x0000239f     0x104b C:/Freescale/CW MCU v11.1/MCU/ARM_GCC_Support/ewl/lib/armv6-m\libc.a(printformat_.o)
 .debug_loc     0x000033ea      0x9d8 C:/Freescale/CW MCU v11.1/MCU/ARM_GCC_Support/ewl/lib/armv6-m\libc.a(scanformat_.o)
 .debug_loc     0x00003dc2      0x30d C:/Freescale/CW MCU v11.1/MCU/ARM_GCC_Support/ewl/lib/armv6-m\libc.a(ctype_aeabi.o)
 .debug_loc     0x000040cf      0x305 C:/Freescale/CW MCU v11.1/MCU/ARM_GCC_Support/ewl/lib/armv6-m\libc.a(__strtoul.o)
 .debug_loc     0x000043d4       0x59 C:/Freescale/CW MCU v11.1/MCU/ARM_GCC_Support/ewl/lib/armv6-m\libc.a(memcpy.o)
 .debug_loc     0x0000442d       0x77 C:/Freescale/CW MCU v11.1/MCU/ARM_GCC_Support/ewl/lib/armv6-m\libc.a(memchr.o)
 .debug_loc     0x000044a4       0x9d C:/Freescale/CW MCU v11.1/MCU/ARM_GCC_Support/ewl/lib/armv6-m\librt.a(gcc_ctor_dtor.o)
 .debug_loc     0x00004541      0x197 C:/Freescale/CW MCU v11.1/MCU/ARM_GCC_Support/ewl/lib/armv6-m\librt.a(__arm_eabi_init.o)
 .debug_loc     0x000046d8       0xd9 C:/Freescale/CW MCU v11.1/MCU/ARM_GCC_Support/ewl/lib/armv6-m\librt.a(ROMCopy.o)

.debug_frame    0x00000000     0x1890
 .debug_frame   0x00000000      0x8ec ./Generated_Code/UTIL.o
 .debug_frame   0x000008ec       0x68 ./Generated_Code/RED.o
 .debug_frame   0x00000954       0x6c ./Generated_Code/PE_LDD.o
 .debug_frame   0x000009c0      0x140 ./Generated_Code/PC.o
 .debug_frame   0x00000b00       0x48 ./Generated_Code/MCUC1.o
 .debug_frame   0x00000b48       0x68 ./Generated_Code/GREEN.o
 .debug_frame   0x00000bb0      0x140 ./Generated_Code/ESP.o
 .debug_frame   0x00000cf0       0x80 ./Generated_Code/Cpu.o
 .debug_frame   0x00000d70       0xb0 ./Generated_Code/BitIoLdd3.o
 .debug_frame   0x00000e20       0xb0 ./Generated_Code/BitIoLdd2.o
 .debug_frame   0x00000ed0       0xb0 ./Generated_Code/BitIoLdd1.o
 .debug_frame   0x00000f80       0x68 ./Generated_Code/BLUE.o
 .debug_frame   0x00000fe8       0xf8 ./Generated_Code/ASerialLdd2.o
 .debug_frame   0x000010e0       0xf8 ./Generated_Code/ASerialLdd1.o
 .debug_frame   0x000011d8       0x4c ./Project_Settings/Startup_Code/__arm_start.o
 .debug_frame   0x00001224       0x30 ./Project_Settings/Startup_Code/__arm_end.o
 .debug_frame   0x00001254       0x70 ./Sources/main.o
 .debug_frame   0x000012c4       0xd8 ./Sources/Events.o
 .debug_frame   0x0000139c       0x2c C:/Freescale/CW MCU v11.1/MCU/ARM_GCC_Support/ewl/lib/armv6-m\libc.a(exit.o)
 .debug_frame   0x000013c8       0x28 C:/Freescale/CW MCU v11.1/MCU/ARM_GCC_Support/ewl/lib/armv6-m\libc.a(strchr.o)
 .debug_frame   0x000013f0       0x28 C:/Freescale/CW MCU v11.1/MCU/ARM_GCC_Support/ewl/lib/armv6-m\libc.a(memset.o)
 .debug_frame   0x00001418       0x2c C:/Freescale/CW MCU v11.1/MCU/ARM_GCC_Support/ewl/lib/armv6-m\libc.a(strncmp.o)
 .debug_frame   0x00001444       0x2c C:/Freescale/CW MCU v11.1/MCU/ARM_GCC_Support/ewl/lib/armv6-m\libc.a(__filll_mem.o)
 .debug_frame   0x00001470       0x28 C:/Freescale/CW MCU v11.1/MCU/ARM_GCC_Support/ewl/lib/armv6-m\libc.a(strcmp.o)
 .debug_frame   0x00001498       0x28 C:/Freescale/CW MCU v11.1/MCU/ARM_GCC_Support/ewl/lib/armv6-m\libc.a(strlen.o)
 .debug_frame   0x000014c0       0x54 C:/Freescale/CW MCU v11.1/MCU/ARM_GCC_Support/ewl/lib/armv6-m\libc.a(printformat_.o)
 .debug_frame   0x00001514       0x34 C:/Freescale/CW MCU v11.1/MCU/ARM_GCC_Support/ewl/lib/armv6-m\libc.a(scanformat_.o)
 .debug_frame   0x00001548      0x158 C:/Freescale/CW MCU v11.1/MCU/ARM_GCC_Support/ewl/lib/armv6-m\libc.a(ctype_aeabi.o)
 .debug_frame   0x000016a0       0x30 C:/Freescale/CW MCU v11.1/MCU/ARM_GCC_Support/ewl/lib/armv6-m\libc.a(__strtoul.o)
 .debug_frame   0x000016d0       0x28 C:/Freescale/CW MCU v11.1/MCU/ARM_GCC_Support/ewl/lib/armv6-m\libc.a(memcpy.o)
 .debug_frame   0x000016f8       0x28 C:/Freescale/CW MCU v11.1/MCU/ARM_GCC_Support/ewl/lib/armv6-m\libc.a(memchr.o)
 .debug_frame   0x00001720       0x20 c:/freescale/cw mcu v11.1/cross_tools/arm-none-eabi-gcc-4_7_3/bin/../lib/gcc/arm-none-eabi/4.7.3/armv6-m\libgcc.a(_udivsi3.o)
 .debug_frame   0x00001740       0x40 C:/Freescale/CW MCU v11.1/MCU/ARM_GCC_Support/ewl/lib/armv6-m\librt.a(gcc_ctor_dtor.o)
 .debug_frame   0x00001780       0xbc C:/Freescale/CW MCU v11.1/MCU/ARM_GCC_Support/ewl/lib/armv6-m\librt.a(__arm_eabi_init.o)
 .debug_frame   0x0000183c       0x54 C:/Freescale/CW MCU v11.1/MCU/ARM_GCC_Support/ewl/lib/armv6-m\librt.a(ROMCopy.o)
